/F:/ideaWorkspace/fun-campus/fun-campus-business/src/main/java/com/akkkka/admin/module/business/funcampus/activityCanEnrollCollege/controller/ActivityCanEnrollCollegeController.java:[42,62] 找不到符号
/F:/ideaWorkspace/fun-campus/fun-campus-business/src/main/java/com/akkkka/admin/module/business/funcampus/activityCanEnrollCollege/controller/ActivityCanEnrollCollegeController.java:[49,47] 找不到符号
/F:/ideaWorkspace/fun-campus/fun-campus-business/src/main/java/com/akkkka/admin/module/business/funcampus/activityCanEnrollCollege/controller/ActivityCanEnrollCollegeController.java:[56,47] 找不到符号
/F:/ideaWorkspace/fun-campus/fun-campus-business/src/main/java/com/akkkka/admin/module/business/funcampus/activityCanEnrollCollege/controller/ActivityCanEnrollCollegeController.java:[63,47] 找不到符号
/F:/ideaWorkspace/fun-campus/fun-campus-business/src/main/java/com/akkkka/admin/module/business/funcampus/activityCanEnrollCollege/controller/ActivityCanEnrollCollegeController.java:[70,47] 找不到符号
/F:/ideaWorkspace/fun-campus/fun-campus-business/src/main/java/com/akkkka/admin/module/business/funcampus/activityCanEnrollGrade/controller/ActivityCanEnrollGradeController.java:[41,60] 找不到符号
/F:/ideaWorkspace/fun-campus/fun-campus-business/src/main/java/com/akkkka/admin/module/business/funcampus/activityCanEnrollGrade/controller/ActivityCanEnrollGradeController.java:[48,45] 找不到符号
/F:/ideaWorkspace/fun-campus/fun-campus-business/src/main/java/com/akkkka/admin/module/business/funcampus/activityCanEnrollGrade/controller/ActivityCanEnrollGradeController.java:[55,45] 找不到符号
/F:/ideaWorkspace/fun-campus/fun-campus-business/src/main/java/com/akkkka/admin/module/business/funcampus/activityCanEnrollGrade/controller/ActivityCanEnrollGradeController.java:[62,45] 找不到符号
/F:/ideaWorkspace/fun-campus/fun-campus-business/src/main/java/com/akkkka/admin/module/business/funcampus/activityCanEnrollGrade/controller/ActivityCanEnrollGradeController.java:[69,45] 找不到符号
/F:/ideaWorkspace/fun-campus/fun-campus-business/src/main/java/com/akkkka/admin/module/business/funcampus/activityCanEnrollTribe/controller/ActivityCanEnrollTribeController.java:[41,60] 找不到符号
/F:/ideaWorkspace/fun-campus/fun-campus-business/src/main/java/com/akkkka/admin/module/business/funcampus/activityCanEnrollTribe/controller/ActivityCanEnrollTribeController.java:[48,45] 找不到符号
/F:/ideaWorkspace/fun-campus/fun-campus-business/src/main/java/com/akkkka/admin/module/business/funcampus/activityCanEnrollTribe/controller/ActivityCanEnrollTribeController.java:[55,45] 找不到符号
/F:/ideaWorkspace/fun-campus/fun-campus-business/src/main/java/com/akkkka/admin/module/business/funcampus/activityCanEnrollTribe/controller/ActivityCanEnrollTribeController.java:[62,45] 找不到符号
/F:/ideaWorkspace/fun-campus/fun-campus-business/src/main/java/com/akkkka/admin/module/business/funcampus/activityCanEnrollTribe/controller/ActivityCanEnrollTribeController.java:[69,45] 找不到符号
/F:/ideaWorkspace/fun-campus/fun-campus-business/src/main/java/com/akkkka/admin/module/business/funcampus/activityCategory/controller/ActivityCategoryController.java:[41,54] 找不到符号
/F:/ideaWorkspace/fun-campus/fun-campus-business/src/main/java/com/akkkka/admin/module/business/funcampus/activityCategory/controller/ActivityCategoryController.java:[48,39] 找不到符号
/F:/ideaWorkspace/fun-campus/fun-campus-business/src/main/java/com/akkkka/admin/module/business/funcampus/activityCategory/controller/ActivityCategoryController.java:[55,39] 找不到符号
/F:/ideaWorkspace/fun-campus/fun-campus-business/src/main/java/com/akkkka/admin/module/business/funcampus/activityCategory/controller/ActivityCategoryController.java:[62,39] 找不到符号
/F:/ideaWorkspace/fun-campus/fun-campus-business/src/main/java/com/akkkka/admin/module/business/funcampus/activityCategory/controller/ActivityCategoryController.java:[69,39] 找不到符号
/F:/ideaWorkspace/fun-campus/fun-campus-business/src/main/java/com/akkkka/admin/module/business/funcampus/activityEnrollment/controller/ActivityEnrollmentController.java:[38,56] 找不到符号
/F:/ideaWorkspace/fun-campus/fun-campus-business/src/main/java/com/akkkka/admin/module/business/funcampus/portalUser/service/PortalUserValidator.java:[140,24] 找不到符号
/F:/ideaWorkspace/fun-campus/fun-campus-business/src/main/java/com/akkkka/admin/module/business/funcampus/activityReviewLog/controller/ActivityReviewLogController.java:[42,55] 找不到符号
/F:/ideaWorkspace/fun-campus/fun-campus-business/src/main/java/com/akkkka/admin/module/business/funcampus/activityReviewLog/controller/ActivityReviewLogController.java:[49,40] 找不到符号
/F:/ideaWorkspace/fun-campus/fun-campus-business/src/main/java/com/akkkka/admin/module/business/funcampus/activityReviewLog/controller/ActivityReviewLogController.java:[56,40] 找不到符号
/F:/ideaWorkspace/fun-campus/fun-campus-business/src/main/java/com/akkkka/admin/module/business/funcampus/activityReviewLog/controller/ActivityReviewLogController.java:[66,51] 无法将类 com.akkkka.admin.module.business.funcampus.activityReviewLog.service.ActivityReviewLogValidator中的构造器 ActivityReviewLogValidator应用到给定类型;
/F:/ideaWorkspace/fun-campus/fun-campus-business/src/main/java/com/akkkka/admin/module/business/funcampus/activityReviewLog/controller/ActivityReviewLogController.java:[67,21] 找不到符号
/F:/ideaWorkspace/fun-campus/fun-campus-business/src/main/java/com/akkkka/admin/module/business/funcampus/activityReviewLog/controller/ActivityReviewLogController.java:[68,33] 找不到符号
/F:/ideaWorkspace/fun-campus/fun-campus-business/src/main/java/com/akkkka/admin/module/business/funcampus/activityReviewLog/service/ActivityReviewLogService.java:[334,24] 找不到符号
/F:/ideaWorkspace/fun-campus/fun-campus-business/src/main/java/com/akkkka/admin/module/business/funcampus/activityReviewLog/service/ActivityReviewLogService.java:[335,22] 找不到符号
/F:/ideaWorkspace/fun-campus/fun-campus-business/src/main/java/com/akkkka/admin/module/business/funcampus/activityReviewLog/service/ActivityReviewLogService.java:[336,60] 找不到符号
/F:/ideaWorkspace/fun-campus/fun-campus-business/src/main/java/com/akkkka/admin/module/business/funcampus/activityReviewLog/service/ActivityReviewLogService.java:[338,35] 找不到符号
/F:/ideaWorkspace/fun-campus/fun-campus-business/src/main/java/com/akkkka/admin/module/business/funcampus/activityReviewLog/service/ActivityReviewLogService.java:[338,60] 找不到符号
/F:/ideaWorkspace/fun-campus/fun-campus-business/src/main/java/com/akkkka/admin/module/business/funcampus/activityReviewLog/service/ActivityReviewLogService.java:[342,22] 找不到符号
/F:/ideaWorkspace/fun-campus/fun-campus-business/src/main/java/com/akkkka/admin/module/business/funcampus/activityReviewLog/service/ActivityReviewLogService.java:[343,54] 找不到符号
/F:/ideaWorkspace/fun-campus/fun-campus-business/src/main/java/com/akkkka/admin/module/business/funcampus/activityReviewLog/service/ActivityReviewLogService.java:[345,35] 找不到符号
/F:/ideaWorkspace/fun-campus/fun-campus-business/src/main/java/com/akkkka/admin/module/business/funcampus/activityReviewLog/service/ActivityReviewLogService.java:[345,60] 找不到符号
/F:/ideaWorkspace/fun-campus/fun-campus-business/src/main/java/com/akkkka/admin/module/business/funcampus/activitySigninManager/controller/ActivitySigninManagerController.java:[41,59] 找不到符号
/F:/ideaWorkspace/fun-campus/fun-campus-business/src/main/java/com/akkkka/admin/module/business/funcampus/activitySigninManager/controller/ActivitySigninManagerController.java:[48,44] 找不到符号
/F:/ideaWorkspace/fun-campus/fun-campus-business/src/main/java/com/akkkka/admin/module/business/funcampus/activitySigninManager/controller/ActivitySigninManagerController.java:[55,44] 找不到符号
/F:/ideaWorkspace/fun-campus/fun-campus-business/src/main/java/com/akkkka/admin/module/business/funcampus/activitySigninManager/controller/ActivitySigninManagerController.java:[62,44] 找不到符号
/F:/ideaWorkspace/fun-campus/fun-campus-business/src/main/java/com/akkkka/admin/module/business/funcampus/activitySigninManager/controller/ActivitySigninManagerController.java:[69,44] 找不到符号
/F:/ideaWorkspace/fun-campus/fun-campus-business/src/main/java/com/akkkka/admin/module/business/funcampus/activityWithSchedule/controller/ActivityWithScheduleController.java:[71,9] 找不到符号
/F:/ideaWorkspace/fun-campus/fun-campus-business/src/main/java/com/akkkka/admin/module/business/funcampus/activityWithSchedule/controller/ActivityWithScheduleController.java:[71,65] 找不到符号
/F:/ideaWorkspace/fun-campus/fun-campus-business/src/main/java/com/akkkka/admin/module/business/funcampus/activityWithSchedule/controller/ActivityWithScheduleController.java:[82,43] 找不到符号
/F:/ideaWorkspace/fun-campus/fun-campus-business/src/main/java/com/akkkka/admin/module/business/funcampus/activityWithSchedule/controller/ActivityWithScheduleController.java:[94,36] 找不到符号
/F:/ideaWorkspace/fun-campus/fun-campus-business/src/main/java/com/akkkka/admin/module/business/funcampus/activityWithSchedule/controller/ActivityWithScheduleController.java:[101,43] 找不到符号
/F:/ideaWorkspace/fun-campus/fun-campus-business/src/main/java/com/akkkka/admin/module/business/funcampus/activityWithSchedule/controller/ActivityWithScheduleController.java:[108,43] 找不到符号
/F:/ideaWorkspace/fun-campus/fun-campus-business/src/main/java/com/akkkka/admin/module/business/funcampus/activityWithSchedule/controller/ActivityWithScheduleController.java:[150,31] 找不到符号
/F:/ideaWorkspace/fun-campus/fun-campus-business/src/main/java/com/akkkka/admin/module/business/funcampus/activityWithSchedule/domain/converter/ActivityAddFormConverter.java:[28,45] 找不到符号
/F:/ideaWorkspace/fun-campus/fun-campus-business/src/main/java/com/akkkka/admin/module/business/funcampus/activityWithSchedule/domain/converter/ActivityAddFormConverter.java:[29,40] 找不到符号
/F:/ideaWorkspace/fun-campus/fun-campus-business/src/main/java/com/akkkka/admin/module/business/funcampus/activityWithSchedule/service/ActivityWithScheduleUpdateFormValidator.java:[84,60] 找不到符号
/F:/ideaWorkspace/fun-campus/fun-campus-business/src/main/java/com/akkkka/admin/module/business/funcampus/activityWithSchedule/service/ActivityWithScheduleUpdateFormValidator.java:[91,37] 找不到符号
/F:/ideaWorkspace/fun-campus/fun-campus-business/src/main/java/com/akkkka/admin/module/business/funcampus/activityWithSchedule/service/ActivityWithScheduleUpdateFormValidator.java:[95,21] 方法引用无效
/F:/ideaWorkspace/fun-campus/fun-campus-business/src/main/java/com/akkkka/admin/module/business/funcampus/activityWithSchedule/service/ActivityWithScheduleUpdateFormValidator.java:[108,75] 找不到符号
/F:/ideaWorkspace/fun-campus/fun-campus-business/src/main/java/com/akkkka/admin/module/business/funcampus/activityWithSchedule/service/ActivityWithScheduleUpdateFormValidator.java:[129,79] 找不到符号
/F:/ideaWorkspace/fun-campus/fun-campus-business/src/main/java/com/akkkka/admin/module/business/funcampus/activityWithSchedule/service/ActivityWithScheduleUpdateFormValidator.java:[133,64] 找不到符号
/F:/ideaWorkspace/fun-campus/fun-campus-business/src/main/java/com/akkkka/admin/module/business/funcampus/activityWithSchedule/service/ActivityWithScheduleUpdateFormValidator.java:[139,22] 找不到符号
/F:/ideaWorkspace/fun-campus/fun-campus-business/src/main/java/com/akkkka/admin/module/business/funcampus/activityWithSchedule/service/ActivityWithScheduleUpdateFormValidator.java:[140,19] 找不到符号
/F:/ideaWorkspace/fun-campus/fun-campus-business/src/main/java/com/akkkka/admin/module/business/funcampus/activityWithSchedule/service/ActivityWithScheduleUpdateFormValidator.java:[141,19] 找不到符号
/F:/ideaWorkspace/fun-campus/fun-campus-business/src/main/java/com/akkkka/admin/module/business/funcampus/activityWithSchedule/service/ActivityWithScheduleUpdateFormValidator.java:[142,19] 找不到符号
/F:/ideaWorkspace/fun-campus/fun-campus-business/src/main/java/com/akkkka/admin/module/business/funcampus/activityWithSchedule/service/ActivityWithScheduleUpdateFormValidator.java:[143,19] 找不到符号
/F:/ideaWorkspace/fun-campus/fun-campus-business/src/main/java/com/akkkka/admin/module/business/funcampus/activityWithSchedule/service/ActivityWithScheduleUpdateFormValidator.java:[144,19] 找不到符号
/F:/ideaWorkspace/fun-campus/fun-campus-business/src/main/java/com/akkkka/admin/module/business/funcampus/activityWithSchedule/service/ActivityWithScheduleUpdateFormValidator.java:[145,19] 找不到符号
/F:/ideaWorkspace/fun-campus/fun-campus-business/src/main/java/com/akkkka/admin/module/business/funcampus/activityWithSchedule/service/ActivityWithScheduleUpdateFormValidator.java:[146,19] 找不到符号
/F:/ideaWorkspace/fun-campus/fun-campus-business/src/main/java/com/akkkka/admin/module/business/funcampus/activityWithSchedule/service/ActivityWithScheduleUpdateFormValidator.java:[149,83] 找不到符号
/F:/ideaWorkspace/fun-campus/fun-campus-business/src/main/java/com/akkkka/admin/module/business/funcampus/activityWithSchedule/service/ActivityWithScheduleUpdateFormValidator.java:[150,77] 找不到符号
/F:/ideaWorkspace/fun-campus/fun-campus-business/src/main/java/com/akkkka/admin/module/business/funcampus/activityWithSchedule/service/ActivityWithScheduleUpdateFormValidator.java:[153,27] 找不到符号
/F:/ideaWorkspace/fun-campus/fun-campus-business/src/main/java/com/akkkka/admin/module/business/funcampus/activityWithSchedule/service/ActivityWithScheduleUpdateFormValidator.java:[154,36] 找不到符号
/F:/ideaWorkspace/fun-campus/fun-campus-business/src/main/java/com/akkkka/admin/module/business/funcampus/activityWithSchedule/service/ActivityWithScheduleUpdateFormValidator.java:[158,27] 找不到符号
/F:/ideaWorkspace/fun-campus/fun-campus-business/src/main/java/com/akkkka/admin/module/business/funcampus/activityWithSchedule/service/ActivityWithScheduleUpdateFormValidator.java:[159,36] 找不到符号
/F:/ideaWorkspace/fun-campus/fun-campus-business/src/main/java/com/akkkka/admin/module/business/funcampus/activityWithSchedule/service/ActivityWithScheduleUpdateFormValidator.java:[163,27] 找不到符号
/F:/ideaWorkspace/fun-campus/fun-campus-business/src/main/java/com/akkkka/admin/module/business/funcampus/activityWithSchedule/service/ActivityWithScheduleUpdateFormValidator.java:[164,36] 找不到符号
/F:/ideaWorkspace/fun-campus/fun-campus-business/src/main/java/com/akkkka/admin/module/business/funcampus/activityWithSchedule/service/ActivityWithScheduleUpdateFormValidator.java:[168,27] 找不到符号
/F:/ideaWorkspace/fun-campus/fun-campus-business/src/main/java/com/akkkka/admin/module/business/funcampus/activityWithSchedule/service/ActivityWithScheduleUpdateFormValidator.java:[169,36] 找不到符号
/F:/ideaWorkspace/fun-campus/fun-campus-business/src/main/java/com/akkkka/admin/module/business/funcampus/activityWithSchedule/service/ActivityWithScheduleUpdateFormValidator.java:[173,27] 找不到符号
/F:/ideaWorkspace/fun-campus/fun-campus-business/src/main/java/com/akkkka/admin/module/business/funcampus/activityWithSchedule/service/ActivityWithScheduleUpdateFormValidator.java:[174,36] 找不到符号
/F:/ideaWorkspace/fun-campus/fun-campus-business/src/main/java/com/akkkka/admin/module/business/funcampus/activityWithSchedule/service/ActivityWithScheduleUpdateFormValidator.java:[178,27] 找不到符号
/F:/ideaWorkspace/fun-campus/fun-campus-business/src/main/java/com/akkkka/admin/module/business/funcampus/activityWithSchedule/service/ActivityWithScheduleUpdateFormValidator.java:[179,36] 找不到符号
/F:/ideaWorkspace/fun-campus/fun-campus-business/src/main/java/com/akkkka/admin/module/business/funcampus/activityWithSchedule/service/ActivityWithScheduleUpdateFormValidator.java:[183,27] 找不到符号
/F:/ideaWorkspace/fun-campus/fun-campus-business/src/main/java/com/akkkka/admin/module/business/funcampus/activityWithSchedule/service/ActivityWithScheduleUpdateFormValidator.java:[183,64] 找不到符号
/F:/ideaWorkspace/fun-campus/fun-campus-business/src/main/java/com/akkkka/admin/module/business/funcampus/activityWithSchedule/service/ActivityWithScheduleUpdateFormValidator.java:[184,31] 找不到符号
/F:/ideaWorkspace/fun-campus/fun-campus-business/src/main/java/com/akkkka/admin/module/business/funcampus/activityWithSchedule/service/ActivityWithScheduleUpdateFormValidator.java:[185,40] 找不到符号
/F:/ideaWorkspace/fun-campus/fun-campus-business/src/main/java/com/akkkka/admin/module/business/funcampus/activityWithSchedule/service/ActivityWithScheduleUpdateFormValidator.java:[189,31] 找不到符号
/F:/ideaWorkspace/fun-campus/fun-campus-business/src/main/java/com/akkkka/admin/module/business/funcampus/activityWithSchedule/service/ActivityWithScheduleUpdateFormValidator.java:[190,40] 找不到符号
/F:/ideaWorkspace/fun-campus/fun-campus-business/src/main/java/com/akkkka/admin/module/business/funcampus/activityWithSchedule/service/ActivityWithScheduleUpdateFormValidator.java:[200,22] 找不到符号
/F:/ideaWorkspace/fun-campus/fun-campus-business/src/main/java/com/akkkka/admin/module/business/funcampus/activityWithSchedule/service/ActivityWithScheduleUpdateFormValidator.java:[201,25] 找不到符号
/F:/ideaWorkspace/fun-campus/fun-campus-business/src/main/java/com/akkkka/admin/module/business/funcampus/activityWithSchedule/service/ActivityWithScheduleUpdateFormValidator.java:[202,25] 找不到符号
/F:/ideaWorkspace/fun-campus/fun-campus-business/src/main/java/com/akkkka/admin/module/business/funcampus/activityWithSchedule/service/ActivityWithScheduleUpdateFormValidator.java:[206,23] 找不到符号
/F:/ideaWorkspace/fun-campus/fun-campus-business/src/main/java/com/akkkka/admin/module/business/funcampus/activityWithSchedule/service/ActivityWithScheduleUpdateFormValidator.java:[206,75] 找不到符号
/F:/ideaWorkspace/fun-campus/fun-campus-business/src/main/java/com/akkkka/admin/module/business/funcampus/activityWithSchedule/service/ActivityWithScheduleUpdateFormValidator.java:[206,126] 找不到符号
/F:/ideaWorkspace/fun-campus/fun-campus-business/src/main/java/com/akkkka/admin/module/business/funcampus/activityWithSchedule/service/ActivityWithScheduleUpdateFormValidator.java:[210,22] 找不到符号
/F:/ideaWorkspace/fun-campus/fun-campus-business/src/main/java/com/akkkka/admin/module/business/funcampus/activityWithSchedule/service/ActivityWithScheduleUpdateFormValidator.java:[210,70] 找不到符号
/F:/ideaWorkspace/fun-campus/fun-campus-business/src/main/java/com/akkkka/admin/module/business/funcampus/activityWithSchedule/service/ActivityWithScheduleUpdateFormValidator.java:[214,48] 找不到符号
/F:/ideaWorkspace/fun-campus/fun-campus-business/src/main/java/com/akkkka/admin/module/business/funcampus/activityWithSchedule/service/ActivityWithScheduleUpdateFormValidator.java:[221,22] 找不到符号
/F:/ideaWorkspace/fun-campus/fun-campus-business/src/main/java/com/akkkka/admin/module/business/funcampus/activityWithSchedule/service/ActivityWithScheduleUpdateFormValidator.java:[222,53] 找不到符号
/F:/ideaWorkspace/fun-campus/fun-campus-business/src/main/java/com/akkkka/admin/module/business/funcampus/activityWithSchedule/service/ActivityWithScheduleUpdateFormValidator.java:[229,22] 找不到符号
/F:/ideaWorkspace/fun-campus/fun-campus-business/src/main/java/com/akkkka/admin/module/business/funcampus/activityWithSchedule/service/ActivityWithScheduleUpdateFormValidator.java:[230,58] 找不到符号
/F:/ideaWorkspace/fun-campus/fun-campus-business/src/main/java/com/akkkka/admin/module/business/funcampus/activityWithSchedule/service/ActivityWithScheduleUpdateFormValidator.java:[239,22] 找不到符号
/F:/ideaWorkspace/fun-campus/fun-campus-business/src/main/java/com/akkkka/admin/module/business/funcampus/activityWithSchedule/service/ActivityWithScheduleUpdateFormValidator.java:[246,80] 找不到符号
/F:/ideaWorkspace/fun-campus/fun-campus-business/src/main/java/com/akkkka/admin/module/business/funcampus/activityCanEnrollCollege/controller/ActivityCanEnrollCollegeController.java:[42,62] 找不到符号
/F:/ideaWorkspace/fun-campus/fun-campus-business/src/main/java/com/akkkka/admin/module/business/funcampus/activityCanEnrollCollege/controller/ActivityCanEnrollCollegeController.java:[49,47] 找不到符号
/F:/ideaWorkspace/fun-campus/fun-campus-business/src/main/java/com/akkkka/admin/module/business/funcampus/activityCanEnrollCollege/controller/ActivityCanEnrollCollegeController.java:[56,47] 找不到符号
/F:/ideaWorkspace/fun-campus/fun-campus-business/src/main/java/com/akkkka/admin/module/business/funcampus/activityCanEnrollCollege/controller/ActivityCanEnrollCollegeController.java:[63,47] 找不到符号
/F:/ideaWorkspace/fun-campus/fun-campus-business/src/main/java/com/akkkka/admin/module/business/funcampus/activityCanEnrollCollege/controller/ActivityCanEnrollCollegeController.java:[70,47] 找不到符号
/F:/ideaWorkspace/fun-campus/fun-campus-business/src/main/java/com/akkkka/admin/module/business/funcampus/activityCanEnrollGrade/controller/ActivityCanEnrollGradeController.java:[41,60] 找不到符号
/F:/ideaWorkspace/fun-campus/fun-campus-business/src/main/java/com/akkkka/admin/module/business/funcampus/activityCanEnrollGrade/controller/ActivityCanEnrollGradeController.java:[48,45] 找不到符号
/F:/ideaWorkspace/fun-campus/fun-campus-business/src/main/java/com/akkkka/admin/module/business/funcampus/activityCanEnrollGrade/controller/ActivityCanEnrollGradeController.java:[55,45] 找不到符号
/F:/ideaWorkspace/fun-campus/fun-campus-business/src/main/java/com/akkkka/admin/module/business/funcampus/activityCanEnrollGrade/controller/ActivityCanEnrollGradeController.java:[62,45] 找不到符号
/F:/ideaWorkspace/fun-campus/fun-campus-business/src/main/java/com/akkkka/admin/module/business/funcampus/activityCanEnrollGrade/controller/ActivityCanEnrollGradeController.java:[69,45] 找不到符号
/F:/ideaWorkspace/fun-campus/fun-campus-business/src/main/java/com/akkkka/admin/module/business/funcampus/activityCanEnrollTribe/controller/ActivityCanEnrollTribeController.java:[41,60] 找不到符号
/F:/ideaWorkspace/fun-campus/fun-campus-business/src/main/java/com/akkkka/admin/module/business/funcampus/activityCanEnrollTribe/controller/ActivityCanEnrollTribeController.java:[48,45] 找不到符号
/F:/ideaWorkspace/fun-campus/fun-campus-business/src/main/java/com/akkkka/admin/module/business/funcampus/activityCanEnrollTribe/controller/ActivityCanEnrollTribeController.java:[55,45] 找不到符号
/F:/ideaWorkspace/fun-campus/fun-campus-business/src/main/java/com/akkkka/admin/module/business/funcampus/activityCanEnrollTribe/controller/ActivityCanEnrollTribeController.java:[62,45] 找不到符号
/F:/ideaWorkspace/fun-campus/fun-campus-business/src/main/java/com/akkkka/admin/module/business/funcampus/activityCanEnrollTribe/controller/ActivityCanEnrollTribeController.java:[69,45] 找不到符号
/F:/ideaWorkspace/fun-campus/fun-campus-business/src/main/java/com/akkkka/admin/module/business/funcampus/activityCategory/controller/ActivityCategoryController.java:[41,54] 找不到符号
/F:/ideaWorkspace/fun-campus/fun-campus-business/src/main/java/com/akkkka/admin/module/business/funcampus/activityCategory/controller/ActivityCategoryController.java:[48,39] 找不到符号
/F:/ideaWorkspace/fun-campus/fun-campus-business/src/main/java/com/akkkka/admin/module/business/funcampus/activityCategory/controller/ActivityCategoryController.java:[55,39] 找不到符号
/F:/ideaWorkspace/fun-campus/fun-campus-business/src/main/java/com/akkkka/admin/module/business/funcampus/activityCategory/controller/ActivityCategoryController.java:[62,39] 找不到符号
/F:/ideaWorkspace/fun-campus/fun-campus-business/src/main/java/com/akkkka/admin/module/business/funcampus/activityCategory/controller/ActivityCategoryController.java:[69,39] 找不到符号
/F:/ideaWorkspace/fun-campus/fun-campus-business/src/main/java/com/akkkka/admin/module/business/funcampus/activityEnrollment/controller/ActivityEnrollmentController.java:[38,56] 找不到符号
/F:/ideaWorkspace/fun-campus/fun-campus-business/src/main/java/com/akkkka/admin/module/business/funcampus/portalUser/service/PortalUserValidator.java:[140,24] 找不到符号
/F:/ideaWorkspace/fun-campus/fun-campus-business/src/main/java/com/akkkka/admin/module/business/funcampus/activityReviewLog/controller/ActivityReviewLogController.java:[42,55] 找不到符号
/F:/ideaWorkspace/fun-campus/fun-campus-business/src/main/java/com/akkkka/admin/module/business/funcampus/activityReviewLog/controller/ActivityReviewLogController.java:[49,40] 找不到符号
/F:/ideaWorkspace/fun-campus/fun-campus-business/src/main/java/com/akkkka/admin/module/business/funcampus/activityReviewLog/controller/ActivityReviewLogController.java:[56,40] 找不到符号
/F:/ideaWorkspace/fun-campus/fun-campus-business/src/main/java/com/akkkka/admin/module/business/funcampus/activityReviewLog/controller/ActivityReviewLogController.java:[66,51] 无法将类 com.akkkka.admin.module.business.funcampus.activityReviewLog.service.ActivityReviewLogValidator中的构造器 ActivityReviewLogValidator应用到给定类型;
/F:/ideaWorkspace/fun-campus/fun-campus-business/src/main/java/com/akkkka/admin/module/business/funcampus/activityReviewLog/controller/ActivityReviewLogController.java:[67,21] 找不到符号
/F:/ideaWorkspace/fun-campus/fun-campus-business/src/main/java/com/akkkka/admin/module/business/funcampus/activityReviewLog/controller/ActivityReviewLogController.java:[68,33] 找不到符号
/F:/ideaWorkspace/fun-campus/fun-campus-business/src/main/java/com/akkkka/admin/module/business/funcampus/activityReviewLog/service/ActivityReviewLogService.java:[334,24] 找不到符号
/F:/ideaWorkspace/fun-campus/fun-campus-business/src/main/java/com/akkkka/admin/module/business/funcampus/activityReviewLog/service/ActivityReviewLogService.java:[335,22] 找不到符号
/F:/ideaWorkspace/fun-campus/fun-campus-business/src/main/java/com/akkkka/admin/module/business/funcampus/activityReviewLog/service/ActivityReviewLogService.java:[336,60] 找不到符号
/F:/ideaWorkspace/fun-campus/fun-campus-business/src/main/java/com/akkkka/admin/module/business/funcampus/activityReviewLog/service/ActivityReviewLogService.java:[338,35] 找不到符号
/F:/ideaWorkspace/fun-campus/fun-campus-business/src/main/java/com/akkkka/admin/module/business/funcampus/activityReviewLog/service/ActivityReviewLogService.java:[338,60] 找不到符号
/F:/ideaWorkspace/fun-campus/fun-campus-business/src/main/java/com/akkkka/admin/module/business/funcampus/activityReviewLog/service/ActivityReviewLogService.java:[342,22] 找不到符号
/F:/ideaWorkspace/fun-campus/fun-campus-business/src/main/java/com/akkkka/admin/module/business/funcampus/activityReviewLog/service/ActivityReviewLogService.java:[343,54] 找不到符号
/F:/ideaWorkspace/fun-campus/fun-campus-business/src/main/java/com/akkkka/admin/module/business/funcampus/activityReviewLog/service/ActivityReviewLogService.java:[345,35] 找不到符号
/F:/ideaWorkspace/fun-campus/fun-campus-business/src/main/java/com/akkkka/admin/module/business/funcampus/activityReviewLog/service/ActivityReviewLogService.java:[345,60] 找不到符号
/F:/ideaWorkspace/fun-campus/fun-campus-business/src/main/java/com/akkkka/admin/module/business/funcampus/activitySigninManager/controller/ActivitySigninManagerController.java:[41,59] 找不到符号
/F:/ideaWorkspace/fun-campus/fun-campus-business/src/main/java/com/akkkka/admin/module/business/funcampus/activitySigninManager/controller/ActivitySigninManagerController.java:[48,44] 找不到符号
/F:/ideaWorkspace/fun-campus/fun-campus-business/src/main/java/com/akkkka/admin/module/business/funcampus/activitySigninManager/controller/ActivitySigninManagerController.java:[55,44] 找不到符号
/F:/ideaWorkspace/fun-campus/fun-campus-business/src/main/java/com/akkkka/admin/module/business/funcampus/activitySigninManager/controller/ActivitySigninManagerController.java:[62,44] 找不到符号
/F:/ideaWorkspace/fun-campus/fun-campus-business/src/main/java/com/akkkka/admin/module/business/funcampus/activitySigninManager/controller/ActivitySigninManagerController.java:[69,44] 找不到符号
/F:/ideaWorkspace/fun-campus/fun-campus-business/src/main/java/com/akkkka/admin/module/business/funcampus/activityWithSchedule/controller/ActivityWithScheduleController.java:[71,9] 找不到符号
/F:/ideaWorkspace/fun-campus/fun-campus-business/src/main/java/com/akkkka/admin/module/business/funcampus/activityWithSchedule/controller/ActivityWithScheduleController.java:[71,65] 找不到符号
/F:/ideaWorkspace/fun-campus/fun-campus-business/src/main/java/com/akkkka/admin/module/business/funcampus/activityWithSchedule/controller/ActivityWithScheduleController.java:[82,43] 找不到符号
/F:/ideaWorkspace/fun-campus/fun-campus-business/src/main/java/com/akkkka/admin/module/business/funcampus/activityWithSchedule/controller/ActivityWithScheduleController.java:[94,36] 找不到符号
/F:/ideaWorkspace/fun-campus/fun-campus-business/src/main/java/com/akkkka/admin/module/business/funcampus/activityWithSchedule/controller/ActivityWithScheduleController.java:[101,43] 找不到符号
/F:/ideaWorkspace/fun-campus/fun-campus-business/src/main/java/com/akkkka/admin/module/business/funcampus/activityWithSchedule/controller/ActivityWithScheduleController.java:[108,43] 找不到符号
/F:/ideaWorkspace/fun-campus/fun-campus-business/src/main/java/com/akkkka/admin/module/business/funcampus/activityWithSchedule/controller/ActivityWithScheduleController.java:[150,31] 找不到符号
/F:/ideaWorkspace/fun-campus/fun-campus-business/src/main/java/com/akkkka/admin/module/business/funcampus/activityWithSchedule/domain/converter/ActivityAddFormConverter.java:[28,45] 找不到符号
/F:/ideaWorkspace/fun-campus/fun-campus-business/src/main/java/com/akkkka/admin/module/business/funcampus/activityWithSchedule/domain/converter/ActivityAddFormConverter.java:[29,40] 找不到符号
/F:/ideaWorkspace/fun-campus/fun-campus-business/src/main/java/com/akkkka/admin/module/business/funcampus/activityWithSchedule/service/ActivityWithScheduleUpdateFormValidator.java:[84,60] 找不到符号
/F:/ideaWorkspace/fun-campus/fun-campus-business/src/main/java/com/akkkka/admin/module/business/funcampus/activityWithSchedule/service/ActivityWithScheduleUpdateFormValidator.java:[91,37] 找不到符号
/F:/ideaWorkspace/fun-campus/fun-campus-business/src/main/java/com/akkkka/admin/module/business/funcampus/activityWithSchedule/service/ActivityWithScheduleUpdateFormValidator.java:[95,21] 方法引用无效
/F:/ideaWorkspace/fun-campus/fun-campus-business/src/main/java/com/akkkka/admin/module/business/funcampus/activityWithSchedule/service/ActivityWithScheduleUpdateFormValidator.java:[108,75] 找不到符号
/F:/ideaWorkspace/fun-campus/fun-campus-business/src/main/java/com/akkkka/admin/module/business/funcampus/activityWithSchedule/service/ActivityWithScheduleUpdateFormValidator.java:[129,79] 找不到符号
/F:/ideaWorkspace/fun-campus/fun-campus-business/src/main/java/com/akkkka/admin/module/business/funcampus/activityWithSchedule/service/ActivityWithScheduleUpdateFormValidator.java:[133,64] 找不到符号
/F:/ideaWorkspace/fun-campus/fun-campus-business/src/main/java/com/akkkka/admin/module/business/funcampus/activityWithSchedule/service/ActivityWithScheduleUpdateFormValidator.java:[139,22] 找不到符号
/F:/ideaWorkspace/fun-campus/fun-campus-business/src/main/java/com/akkkka/admin/module/business/funcampus/activityWithSchedule/service/ActivityWithScheduleUpdateFormValidator.java:[140,19] 找不到符号
/F:/ideaWorkspace/fun-campus/fun-campus-business/src/main/java/com/akkkka/admin/module/business/funcampus/activityWithSchedule/service/ActivityWithScheduleUpdateFormValidator.java:[141,19] 找不到符号
/F:/ideaWorkspace/fun-campus/fun-campus-business/src/main/java/com/akkkka/admin/module/business/funcampus/activityWithSchedule/service/ActivityWithScheduleUpdateFormValidator.java:[142,19] 找不到符号
/F:/ideaWorkspace/fun-campus/fun-campus-business/src/main/java/com/akkkka/admin/module/business/funcampus/activityWithSchedule/service/ActivityWithScheduleUpdateFormValidator.java:[143,19] 找不到符号
/F:/ideaWorkspace/fun-campus/fun-campus-business/src/main/java/com/akkkka/admin/module/business/funcampus/activityWithSchedule/service/ActivityWithScheduleUpdateFormValidator.java:[144,19] 找不到符号
/F:/ideaWorkspace/fun-campus/fun-campus-business/src/main/java/com/akkkka/admin/module/business/funcampus/activityWithSchedule/service/ActivityWithScheduleUpdateFormValidator.java:[145,19] 找不到符号
/F:/ideaWorkspace/fun-campus/fun-campus-business/src/main/java/com/akkkka/admin/module/business/funcampus/activityWithSchedule/service/ActivityWithScheduleUpdateFormValidator.java:[146,19] 找不到符号
/F:/ideaWorkspace/fun-campus/fun-campus-business/src/main/java/com/akkkka/admin/module/business/funcampus/activityWithSchedule/service/ActivityWithScheduleUpdateFormValidator.java:[149,83] 找不到符号
/F:/ideaWorkspace/fun-campus/fun-campus-business/src/main/java/com/akkkka/admin/module/business/funcampus/activityWithSchedule/service/ActivityWithScheduleUpdateFormValidator.java:[150,77] 找不到符号
/F:/ideaWorkspace/fun-campus/fun-campus-business/src/main/java/com/akkkka/admin/module/business/funcampus/activityWithSchedule/service/ActivityWithScheduleUpdateFormValidator.java:[153,27] 找不到符号
/F:/ideaWorkspace/fun-campus/fun-campus-business/src/main/java/com/akkkka/admin/module/business/funcampus/activityWithSchedule/service/ActivityWithScheduleUpdateFormValidator.java:[154,36] 找不到符号
/F:/ideaWorkspace/fun-campus/fun-campus-business/src/main/java/com/akkkka/admin/module/business/funcampus/activityWithSchedule/service/ActivityWithScheduleUpdateFormValidator.java:[158,27] 找不到符号
/F:/ideaWorkspace/fun-campus/fun-campus-business/src/main/java/com/akkkka/admin/module/business/funcampus/activityWithSchedule/service/ActivityWithScheduleUpdateFormValidator.java:[159,36] 找不到符号
/F:/ideaWorkspace/fun-campus/fun-campus-business/src/main/java/com/akkkka/admin/module/business/funcampus/activityWithSchedule/service/ActivityWithScheduleUpdateFormValidator.java:[163,27] 找不到符号
/F:/ideaWorkspace/fun-campus/fun-campus-business/src/main/java/com/akkkka/admin/module/business/funcampus/activityWithSchedule/service/ActivityWithScheduleUpdateFormValidator.java:[164,36] 找不到符号
/F:/ideaWorkspace/fun-campus/fun-campus-business/src/main/java/com/akkkka/admin/module/business/funcampus/activityWithSchedule/service/ActivityWithScheduleUpdateFormValidator.java:[168,27] 找不到符号
/F:/ideaWorkspace/fun-campus/fun-campus-business/src/main/java/com/akkkka/admin/module/business/funcampus/activityWithSchedule/service/ActivityWithScheduleUpdateFormValidator.java:[169,36] 找不到符号
/F:/ideaWorkspace/fun-campus/fun-campus-business/src/main/java/com/akkkka/admin/module/business/funcampus/activityWithSchedule/service/ActivityWithScheduleUpdateFormValidator.java:[173,27] 找不到符号
/F:/ideaWorkspace/fun-campus/fun-campus-business/src/main/java/com/akkkka/admin/module/business/funcampus/activityWithSchedule/service/ActivityWithScheduleUpdateFormValidator.java:[174,36] 找不到符号
/F:/ideaWorkspace/fun-campus/fun-campus-business/src/main/java/com/akkkka/admin/module/business/funcampus/activityWithSchedule/service/ActivityWithScheduleUpdateFormValidator.java:[178,27] 找不到符号
/F:/ideaWorkspace/fun-campus/fun-campus-business/src/main/java/com/akkkka/admin/module/business/funcampus/activityWithSchedule/service/ActivityWithScheduleUpdateFormValidator.java:[179,36] 找不到符号
/F:/ideaWorkspace/fun-campus/fun-campus-business/src/main/java/com/akkkka/admin/module/business/funcampus/activityWithSchedule/service/ActivityWithScheduleUpdateFormValidator.java:[183,27] 找不到符号
/F:/ideaWorkspace/fun-campus/fun-campus-business/src/main/java/com/akkkka/admin/module/business/funcampus/activityWithSchedule/service/ActivityWithScheduleUpdateFormValidator.java:[183,64] 找不到符号
/F:/ideaWorkspace/fun-campus/fun-campus-business/src/main/java/com/akkkka/admin/module/business/funcampus/activityWithSchedule/service/ActivityWithScheduleUpdateFormValidator.java:[184,31] 找不到符号
/F:/ideaWorkspace/fun-campus/fun-campus-business/src/main/java/com/akkkka/admin/module/business/funcampus/activityWithSchedule/service/ActivityWithScheduleUpdateFormValidator.java:[185,40] 找不到符号
/F:/ideaWorkspace/fun-campus/fun-campus-business/src/main/java/com/akkkka/admin/module/business/funcampus/activityWithSchedule/service/ActivityWithScheduleUpdateFormValidator.java:[189,31] 找不到符号
/F:/ideaWorkspace/fun-campus/fun-campus-business/src/main/java/com/akkkka/admin/module/business/funcampus/activityWithSchedule/service/ActivityWithScheduleUpdateFormValidator.java:[190,40] 找不到符号
/F:/ideaWorkspace/fun-campus/fun-campus-business/src/main/java/com/akkkka/admin/module/business/funcampus/activityWithSchedule/service/ActivityWithScheduleUpdateFormValidator.java:[200,22] 找不到符号
/F:/ideaWorkspace/fun-campus/fun-campus-business/src/main/java/com/akkkka/admin/module/business/funcampus/activityWithSchedule/service/ActivityWithScheduleUpdateFormValidator.java:[201,25] 找不到符号
/F:/ideaWorkspace/fun-campus/fun-campus-business/src/main/java/com/akkkka/admin/module/business/funcampus/activityWithSchedule/service/ActivityWithScheduleUpdateFormValidator.java:[202,25] 找不到符号
/F:/ideaWorkspace/fun-campus/fun-campus-business/src/main/java/com/akkkka/admin/module/business/funcampus/activityWithSchedule/service/ActivityWithScheduleUpdateFormValidator.java:[206,23] 找不到符号
/F:/ideaWorkspace/fun-campus/fun-campus-business/src/main/java/com/akkkka/admin/module/business/funcampus/activityWithSchedule/service/ActivityWithScheduleUpdateFormValidator.java:[206,75] 找不到符号
/F:/ideaWorkspace/fun-campus/fun-campus-business/src/main/java/com/akkkka/admin/module/business/funcampus/activityWithSchedule/service/ActivityWithScheduleUpdateFormValidator.java:[206,126] 找不到符号
/F:/ideaWorkspace/fun-campus/fun-campus-business/src/main/java/com/akkkka/admin/module/business/funcampus/activityWithSchedule/service/ActivityWithScheduleUpdateFormValidator.java:[210,22] 找不到符号
/F:/ideaWorkspace/fun-campus/fun-campus-business/src/main/java/com/akkkka/admin/module/business/funcampus/activityWithSchedule/service/ActivityWithScheduleUpdateFormValidator.java:[210,70] 找不到符号
/F:/ideaWorkspace/fun-campus/fun-campus-business/src/main/java/com/akkkka/admin/module/business/funcampus/activityWithSchedule/service/ActivityWithScheduleUpdateFormValidator.java:[214,48] 找不到符号
/F:/ideaWorkspace/fun-campus/fun-campus-business/src/main/java/com/akkkka/admin/module/business/funcampus/activityWithSchedule/service/ActivityWithScheduleUpdateFormValidator.java:[221,22] 找不到符号
/F:/ideaWorkspace/fun-campus/fun-campus-business/src/main/java/com/akkkka/admin/module/business/funcampus/activityWithSchedule/service/ActivityWithScheduleUpdateFormValidator.java:[222,53] 找不到符号
/F:/ideaWorkspace/fun-campus/fun-campus-business/src/main/java/com/akkkka/admin/module/business/funcampus/activityWithSchedule/service/ActivityWithScheduleUpdateFormValidator.java:[229,22] 找不到符号
/F:/ideaWorkspace/fun-campus/fun-campus-business/src/main/java/com/akkkka/admin/module/business/funcampus/activityWithSchedule/service/ActivityWithScheduleUpdateFormValidator.java:[230,58] 找不到符号
/F:/ideaWorkspace/fun-campus/fun-campus-business/src/main/java/com/akkkka/admin/module/business/funcampus/activityWithSchedule/service/ActivityWithScheduleUpdateFormValidator.java:[239,22] 找不到符号
/F:/ideaWorkspace/fun-campus/fun-campus-business/src/main/java/com/akkkka/admin/module/business/funcampus/activityWithSchedule/service/ActivityWithScheduleUpdateFormValidator.java:[246,80] 找不到符号
